C:\Users\joelc\OneDrive\Escritorio>ssh -i "udacity-key-secondary.pem" ec2-user@ec2-18-218-99-160.us-east-2.compute.amazonaws.com
The authenticity of host 'ec2-18-218-99-160.us-east-2.compute.amazonaws.com (18.218.99.160)' can't be established.
ECDSA key fingerprint is SHA256:LOZxh8Q56omvihgsz6PtEgfMGYAfrM3VCP3timltZLc.
Are you sure you want to continue connecting (yes/no)? yes
Warning: Permanently added 'ec2-18-218-99-160.us-east-2.compute.amazonaws.com,18.218.99.160' (ECDSA) to the list of known hosts.


       __|  __|_  )
       _|  (     /   Amazon Linux 2 AMI
      ___|\___|___|

https://aws.amazon.com/amazon-linux-2/
[ec2-user@ip-10-2-11-143 ~]$ yum install mysql
Loaded plugins: extras_suggestions, langpacks, priorities, update-motd
You need to be root to perform this command.
[ec2-user@ip-10-2-11-143 ~]$ sudo yum install mysql
Loaded plugins: extras_suggestions, langpacks, priorities, update-motd
Resolving Dependencies
--> Running transaction check
---> Package mariadb.x86_64 1:5.5.68-1.amzn2 will be installed
--> Finished Dependency Resolution

Dependencies Resolved

======================================================================================================================== Package                  Arch                    Version                             Repository                   Size
========================================================================================================================Installing:
 mariadb                  x86_64                  1:5.5.68-1.amzn2                    amzn2-core                  8.8 M

Transaction Summary
========================================================================================================================Install  1 Package

Total download size: 8.8 M
Installed size: 49 M
Is this ok [y/d/N]: Y
Downloading packages:
mariadb-5.5.68-1.amzn2.x86_64.rpm                                                                | 8.8 MB  00:00:00
Running transaction check
Running transaction test
Transaction test succeeded
Running transaction
  Installing : 1:mariadb-5.5.68-1.amzn2.x86_64                                                                      1/1
  Verifying  : 1:mariadb-5.5.68-1.amzn2.x86_64                                                                      1/1

Installed:
  mariadb.x86_64 1:5.5.68-1.amzn2

Complete!
[ec2-user@ip-10-2-11-143 ~]$ mysql -h udacity-replica.c7xfgfyl95vg.us-east-2.rds.amazonaws.com -u  admin -p
Enter password:
ERROR 1045 (28000): Access denied for user 'admin'@'10.2.11.143' (using password: YES)
[ec2-user@ip-10-2-11-143 ~]$ mysql -h udacity-replica.c7xfgfyl95vg.us-east-2.rds.amazonaws.com -u  admin -p
Enter password:
Welcome to the MariaDB monitor.  Commands end with ; or \g.
Your MySQL connection id is 27
Server version: 8.0.20 Source distribution

Copyright (c) 2000, 2018, Oracle, MariaDB Corporation Ab and others.

Type 'help;' or '\h' for help. Type '\c' to clear the current input statement.

MySQL [(none)]> show database;
ERROR 1064 (42000): You have an error in your SQL syntax; check the manual that corresponds to your MySQL server version for the right syntax to use near 'database' at line 1
MySQL [(none)]> show databases;
+--------------------+
| Database           |
+--------------------+
| information_schema |
| mysql              |
| performance_schema |
| udacity            |
+--------------------+
4 rows in set (0.00 sec)

MySQL [(none)]> use udacity;
Reading table information for completion of table and column names
You can turn off this feature to get a quicker startup with -A

Database changed
MySQL [udacity]> select * from student
    -> ;
+-----------+-----------------+-------------+---------+----------+
| studentID | lastname        | firstname   | address | city     |
+-----------+-----------------+-------------+---------+----------+
|         1 | Campusano Rojas | Joel Andres | Chile   | Coquimbo |
|         2 | Campusano Rojas | Joel Andres | Chile   | Coquimbo |
|         3 | Campusano Rojas | Joel Andres | Chile   | Coquimbo |
|         4 | Campusano Rojas | Joel Andres | Chile   | Coquimbo |
|         5 | Campusano Rojas | Joel Andres | Chile   | Coquimbo |
|         6 | Campusano Rojas | Joel Andres | Chile   | Coquimbo |
|         7 | Campusano Rojas | Joel Andres | Chile   | Coquimbo |
|         8 | Campusano Rojas | Joel Andres | Chile   | Coquimbo |
|         9 | Campusano Rojas | Joel Andres | Chile   | Coquimbo |
|        10 | Campusano Rojas | Joel Andres | Chile   | Coquimbo |
+-----------+-----------------+-------------+---------+----------+
10 rows in set (0.00 sec)

MySQL [udacity]> INSERT INTO student (studentID, lastname, firstname, address, city) VALUES (10, 'Campusano Rojas', 'Joel Andres', 'Chile', Coquimbo);
ERROR 1290 (HY000): The MySQL server is running with the --read-only option so it cannot execute this statement
MySQL [udacity]>                                                                                                                                                        

